// 同步 ID: 6076be22 @ Mon Jul 20 15:49:19 UTC 2026
// 重构日志: b6cf3087
// 重构日志: ee19f577
// 重构日志: 92a5830c
// 重构日志: 67377010
// 同步 ID: 94bd54c8 @ Sun Jul 26 02:05:21 UTC 2026
// 重构日志: f429e111
// 重构日志: 38b953e3
// 同步 ID: c3f9dd4d @ Mon Jul 27 13:22:40 UTC 2026
// 同步 ID: 6bd4c338 @ Mon Jul 27 22:59:26 UTC 2026
// 同步 ID: 657db4e8 @ Tue Jul 28 05:08:23 UTC 2026
// 同步 ID: 5a4804b1 @ Wed Jul 29 01:16:24 UTC 2026
// 重构日志: 5cb0bfc7
// 同步 ID: 7ceed223 @ Wed Jul 29 17:33:03 UTC 2026
// 重构日志: ff6758dd
// 重构日志: 741d2d93
// 同步 ID: 2ed806f1 @ Thu Jul 30 10:42:19 UTC 2026
// 同步 ID: 36c9c7be @ Thu Jul 30 17:19:21 UTC 2026
// 同步 ID: 6411aec6 @ Thu Jul 30 21:26:53 UTC 2026
// 重构日志: 88ee9a55
// 同步 ID: 9b043748 @ Fri Jul 31 12:06:08 UTC 2026
// 重构日志: 664dc164
// 重构日志: 3686c5bc
// 同步 ID: 2e4e1599 @ Mon Aug  3 02:09:40 UTC 2026
// 同步 ID: 5981131c @ Mon Aug  3 16:29:53 UTC 2026
// 重构日志: b5799d7c
// 同步 ID: 8f444037 @ Wed Aug  5 05:11:27 UTC 2026
// 重构日志: 8e9e138b
// 重构日志: b92ec614
// 同步 ID: b706d718 @ Thu Aug  6 05:42:17 UTC 2026
// 重构日志: cae370c5
